  Determining projects to restore...
  All projects are up-to-date for restore.
  LoginClient -> c:\deep\.net\LoginSample\LoginClient\bin\Debug\net8.0-windows\LoginClient.dll
c:\deep\.net\LoginSample\LoginFunction\Functions\TranscribeAudioFunction.cs(159,9): warning CA1416: This call site is reachable on all platforms. 'SpeechRecognitionEngine.SetInputToWaveStream(Stream)' is only supported on: 'windows'. (https://learn.microsoft.com/dotnet/fundamentals/code-analysis/quality-rules/ca1416) [c:\deep\.net\LoginSample\LoginFunction\LoginFunction.csproj]
c:\deep\.net\LoginSample\LoginFunction\Functions\TranscribeAudioFunction.cs(152,16): warning CA1416: This call site is reachable on all platforms. 'RecognizerInfo' is only supported on: 'windows'. (https://learn.microsoft.com/dotnet/fundamentals/code-analysis/quality-rules/ca1416) [c:\deep\.net\LoginSample\LoginFunction\LoginFunction.csproj]
c:\deep\.net\LoginSample\LoginFunction\Functions\TranscribeAudioFunction.cs(155,9): warning CA1416: This call site is reachable on all platforms. 'SpeechRecognitionEngine.LoadGrammar(Grammar)' is only supported on: 'windows'. (https://learn.microsoft.com/dotnet/fundamentals/code-analysis/quality-rules/ca1416) [c:\deep\.net\LoginSample\LoginFunction\LoginFunction.csproj]
c:\deep\.net\LoginSample\LoginFunction\Functions\TranscribeAudioFunction.cs(162,37): warning CA1416: This call site is reachable on all platforms. 'SpeechRecognitionEngine.Recognize()' is only supported on: 'windows'. (https://learn.microsoft.com/dotnet/fundamentals/code-analysis/quality-rules/ca1416) [c:\deep\.net\LoginSample\LoginFunction\LoginFunction.csproj]
c:\deep\.net\LoginSample\LoginFunction\Functions\TranscribeAudioFunction.cs(166,44): warning CA1416: This call site is reachable on all platforms. 'RecognizedPhrase.Text' is only supported on: 'windows'. (https://learn.microsoft.com/dotnet/fundamentals/code-analysis/quality-rules/ca1416) [c:\deep\.net\LoginSample\LoginFunction\LoginFunction.csproj]
c:\deep\.net\LoginSample\LoginFunction\Functions\TranscribeAudioFunction.cs(150,41): warning CA1416: This call site is reachable on all platforms. 'RecognizerInfo' is only supported on: 'windows'. (https://learn.microsoft.com/dotnet/fundamentals/code-analysis/quality-rules/ca1416) [c:\deep\.net\LoginSample\LoginFunction\LoginFunction.csproj]
c:\deep\.net\LoginSample\LoginFunction\Functions\TranscribeAudioFunction.cs(151,34): warning CA1416: This call site is reachable on all platforms. 'RecognizerInfo.Culture' is only supported on: 'windows'. (https://learn.microsoft.com/dotnet/fundamentals/code-analysis/quality-rules/ca1416) [c:\deep\.net\LoginSample\LoginFunction\LoginFunction.csproj]
c:\deep\.net\LoginSample\LoginFunction\Functions\TranscribeAudioFunction.cs(154,32): warning CA1416: This call site is reachable on all platforms. 'SpeechRecognitionEngine' is only supported on: 'windows'. (https://learn.microsoft.com/dotnet/fundamentals/code-analysis/quality-rules/ca1416) [c:\deep\.net\LoginSample\LoginFunction\LoginFunction.csproj]
c:\deep\.net\LoginSample\LoginFunction\Functions\TranscribeAudioFunction.cs(143,27): warning CA1416: This call site is reachable on all platforms. 'SpeechRecognitionEngine.InstalledRecognizers()' is only supported on: 'windows'. (https://learn.microsoft.com/dotnet/fundamentals/code-analysis/quality-rules/ca1416) [c:\deep\.net\LoginSample\LoginFunction\LoginFunction.csproj]
c:\deep\.net\LoginSample\LoginFunction\Functions\TranscribeAudioFunction.cs(144,13): warning CA1416: This call site is reachable on all platforms. 'RecognizerInfo' is only supported on: 'windows'. (https://learn.microsoft.com/dotnet/fundamentals/code-analysis/quality-rules/ca1416) [c:\deep\.net\LoginSample\LoginFunction\LoginFunction.csproj]
c:\deep\.net\LoginSample\LoginFunction\Functions\TranscribeAudioFunction.cs(170,22): warning CA1416: This call site is reachable on all platforms. 'SpeechRecognitionEngine.Recognize()' is only supported on: 'windows'. (https://learn.microsoft.com/dotnet/fundamentals/code-analysis/quality-rules/ca1416) [c:\deep\.net\LoginSample\LoginFunction\LoginFunction.csproj]
c:\deep\.net\LoginSample\LoginFunction\Functions\TranscribeAudioFunction.cs(155,32): warning CA1416: This call site is reachable on all platforms. 'DictationGrammar' is only supported on: 'windows'. (https://learn.microsoft.com/dotnet/fundamentals/code-analysis/quality-rules/ca1416) [c:\deep\.net\LoginSample\LoginFunction\LoginFunction.csproj]
c:\deep\.net\LoginSample\LoginFunction\Functions\TranscribeAudioFunction.cs(168,32): warning CA1416: This call site is reachable on all platforms. 'RecognizedPhrase.Text' is only supported on: 'windows'. (https://learn.microsoft.com/dotnet/fundamentals/code-analysis/quality-rules/ca1416) [c:\deep\.net\LoginSample\LoginFunction\LoginFunction.csproj]
  Determining projects to restore...
  All projects are up-to-date for restore.
  WorkerExtensions -> c:\deep\.net\LoginSample\LoginFunction\obj\Debug\net8.0\WorkerExtensions\bin\Release\net8.0\Microsoft.Azure.Functions.Worker.Extensions.dll
  LoginFunction -> c:\deep\.net\LoginSample\LoginFunction\bin\Debug\net8.0\LoginFunction.dll

Build succeeded.

c:\deep\.net\LoginSample\LoginFunction\Functions\TranscribeAudioFunction.cs(159,9): warning CA1416: This call site is reachable on all platforms. 'SpeechRecognitionEngine.SetInputToWaveStream(Stream)' is only supported on: 'windows'. (https://learn.microsoft.com/dotnet/fundamentals/code-analysis/quality-rules/ca1416) [c:\deep\.net\LoginSample\LoginFunction\LoginFunction.csproj]
c:\deep\.net\LoginSample\LoginFunction\Functions\TranscribeAudioFunction.cs(152,16): warning CA1416: This call site is reachable on all platforms. 'RecognizerInfo' is only supported on: 'windows'. (https://learn.microsoft.com/dotnet/fundamentals/code-analysis/quality-rules/ca1416) [c:\deep\.net\LoginSample\LoginFunction\LoginFunction.csproj]
c:\deep\.net\LoginSample\LoginFunction\Functions\TranscribeAudioFunction.cs(155,9): warning CA1416: This call site is reachable on all platforms. 'SpeechRecognitionEngine.LoadGrammar(Grammar)' is only supported on: 'windows'. (https://learn.microsoft.com/dotnet/fundamentals/code-analysis/quality-rules/ca1416) [c:\deep\.net\LoginSample\LoginFunction\LoginFunction.csproj]
c:\deep\.net\LoginSample\LoginFunction\Functions\TranscribeAudioFunction.cs(162,37): warning CA1416: This call site is reachable on all platforms. 'SpeechRecognitionEngine.Recognize()' is only supported on: 'windows'. (https://learn.microsoft.com/dotnet/fundamentals/code-analysis/quality-rules/ca1416) [c:\deep\.net\LoginSample\LoginFunction\LoginFunction.csproj]
c:\deep\.net\LoginSample\LoginFunction\Functions\TranscribeAudioFunction.cs(166,44): warning CA1416: This call site is reachable on all platforms. 'RecognizedPhrase.Text' is only supported on: 'windows'. (https://learn.microsoft.com/dotnet/fundamentals/code-analysis/quality-rules/ca1416) [c:\deep\.net\LoginSample\LoginFunction\LoginFunction.csproj]
c:\deep\.net\LoginSample\LoginFunction\Functions\TranscribeAudioFunction.cs(150,41): warning CA1416: This call site is reachable on all platforms. 'RecognizerInfo' is only supported on: 'windows'. (https://learn.microsoft.com/dotnet/fundamentals/code-analysis/quality-rules/ca1416) [c:\deep\.net\LoginSample\LoginFunction\LoginFunction.csproj]
c:\deep\.net\LoginSample\LoginFunction\Functions\TranscribeAudioFunction.cs(151,34): warning CA1416: This call site is reachable on all platforms. 'RecognizerInfo.Culture' is only supported on: 'windows'. (https://learn.microsoft.com/dotnet/fundamentals/code-analysis/quality-rules/ca1416) [c:\deep\.net\LoginSample\LoginFunction\LoginFunction.csproj]
c:\deep\.net\LoginSample\LoginFunction\Functions\TranscribeAudioFunction.cs(154,32): warning CA1416: This call site is reachable on all platforms. 'SpeechRecognitionEngine' is only supported on: 'windows'. (https://learn.microsoft.com/dotnet/fundamentals/code-analysis/quality-rules/ca1416) [c:\deep\.net\LoginSample\LoginFunction\LoginFunction.csproj]
c:\deep\.net\LoginSample\LoginFunction\Functions\TranscribeAudioFunction.cs(143,27): warning CA1416: This call site is reachable on all platforms. 'SpeechRecognitionEngine.InstalledRecognizers()' is only supported on: 'windows'. (https://learn.microsoft.com/dotnet/fundamentals/code-analysis/quality-rules/ca1416) [c:\deep\.net\LoginSample\LoginFunction\LoginFunction.csproj]
c:\deep\.net\LoginSample\LoginFunction\Functions\TranscribeAudioFunction.cs(144,13): warning CA1416: This call site is reachable on all platforms. 'RecognizerInfo' is only supported on: 'windows'. (https://learn.microsoft.com/dotnet/fundamentals/code-analysis/quality-rules/ca1416) [c:\deep\.net\LoginSample\LoginFunction\LoginFunction.csproj]
c:\deep\.net\LoginSample\LoginFunction\Functions\TranscribeAudioFunction.cs(170,22): warning CA1416: This call site is reachable on all platforms. 'SpeechRecognitionEngine.Recognize()' is only supported on: 'windows'. (https://learn.microsoft.com/dotnet/fundamentals/code-analysis/quality-rules/ca1416) [c:\deep\.net\LoginSample\LoginFunction\LoginFunction.csproj]
c:\deep\.net\LoginSample\LoginFunction\Functions\TranscribeAudioFunction.cs(155,32): warning CA1416: This call site is reachable on all platforms. 'DictationGrammar' is only supported on: 'windows'. (https://learn.microsoft.com/dotnet/fundamentals/code-analysis/quality-rules/ca1416) [c:\deep\.net\LoginSample\LoginFunction\LoginFunction.csproj]
c:\deep\.net\LoginSample\LoginFunction\Functions\TranscribeAudioFunction.cs(168,32): warning CA1416: This call site is reachable on all platforms. 'RecognizedPhrase.Text' is only supported on: 'windows'. (https://learn.microsoft.com/dotnet/fundamentals/code-analysis/quality-rules/ca1416) [c:\deep\.net\LoginSample\LoginFunction\LoginFunction.csproj]
    13 Warning(s)
    0 Error(s)

Time Elapsed 00:00:04.79
